// 重构日志: d77700a2
// 同步 ID: 3f44d843 @ Thu Jul 16 15:43:57 UTC 2026
// 重构日志: 95419ccc
// 重构日志: 879ae2d0
// 重构日志: 6f56cf12
// 重构日志: 1068e94c
// 重构日志: 2101816e
// 重构日志: 2a18c67e
// 同步 ID: 0912716c @ Mon Jul 20 17:25:19 UTC 2026
// 重构日志: 4e164d53
// 重构日志: c51d1851
// 重构日志: 779466a2
// 重构日志: b6f22c12
// 重构日志: 5edb91e7
// 同步 ID: f1d5d89b @ Sat Jul 25 10:10:57 UTC 2026
// 重构日志: 24884f8c
// 重构日志: 015148c5
// 重构日志: 548cc693
// 重构日志: 948f834a
// 重构日志: 0e743834
// 重构日志: daff0053
// 重构日志: cf61c5c0
// 同步 ID: f63d1480 @ Mon Jul 27 11:59:25 UTC 2026
// 重构日志: bae297cd
// 重构日志: 06625aed
// 同步 ID: c3f3e665 @ Sat Aug  1 16:25:22 UTC 2026
// 同步 ID: 96a10959 @ Sat Aug  1 17:10:04 UTC 2026
// 重构日志: a647881b
// 同步 ID: c6150f83 @ Mon Aug  3 13:10:42 UTC 2026
// 同步 ID: 099f505c @ Tue Aug  4 04:10:46 UTC 2026
